==> Cloning from https://github.com/Ayaan280/AI-Nova
==> Checking out commit 66298ea5c14016695ecba66fab334da2c3697f56 in branch main
==> Installing Python version 3.13.4...
==> Using Python version 3.13.4 (default)
==> Docs on specifying a Python version: https://render.com/docs/python-version
      g++ -fno-strict-overflow -Wsign-compare -DNDEBUG -g -O3 -Wall -fPIC -D_WIN32_WINNT=1536 -DGRPC_XDS_USER_AGENT_NAME_SUFFIX=\"Python\" -DGRPC_XDS_USER_AGENT_VERSION_SUFFIX=\"1.63.2\" -DHAVE_CONFIG_H=1 -DGRPC_ENABLE_FORK_SUPPORT=1 -DGRPC_DO_NOT_INSTANTIATE_POSIX_POLLER=1 -D__STDC_FORMAT_MACROS "-DPyMODINIT_FUNC=extern \"C\" __attribute__((visibility (\"default\"))) PyObject*" -DGRPC_POSIX_FORK_ALLOW_PTHREAD_ATFORK=1 -Isrc/python/grpcio -Iinclude -I. -Ithird_party/abseil-cpp -Ithird_party/address_sorting/include -Ithird_party/cares/cares/include -Ithird_party/cares -Ithird_party/cares/cares -Ithird_party/cares/config_linux -Ithird_party/re2 -Ithird_party/boringssl-with-bazel/src/include -Ithird_party/upb -Isrc/core/ext/upb-gen -Isrc/core/ext/upbdefs-gen -Ithird_party/utf8_range -Ithird_party/xxhash -Ithird_party/zlib -I/opt/render/project/src/.venv/include -I/opt/render/project/python/Python-3.13.4/include/python3.13 -c src/core/resolver/binder/binder_resolver.cc -o pyb/temp.linux-x86_64-cpython-313/src/core/resolver/binder/binder_resolver.o -std=c++14 -fvisibility=hidden -fno-wrapv -fno-exceptions -pthread
      creating None/tmp/tmp6gi1nhlm
      gcc -fno-strict-overflow -Wsign-compare -DNDEBUG -g -O3 -Wall -fPIC -I/opt/render/project/src/.venv/include -I/opt/render/project/python/Python-3.13.4/include/python3.13 -c /tmp/tmp6gi1nhlm/a.c -o None/tmp/tmp6gi1nhlm/a.o
      Traceback (most recent call last):
        File "/tmp/pip-build-env-sc3gexz4/overlay/lib/python3.13/site-packages/setuptools/_distutils/spawn.py", line 87, in spawn
          subprocess.check_call(cmd, env=_inject_macos_ver(env))
          ~~~~~~~~~~~~~~~~~~~~~^^^^^^^^^^^^^^^^^^^^^^^^^^^^^^^^^
        File "/opt/render/project/python/Python-3.13.4/lib/python3.13/subprocess.py", line 419, in check_call
          raise CalledProcessError(retcode, cmd)
      subprocess.CalledProcessError: Command '['/usr/bin/g++', '-fno-strict-overflow', '-Wsign-compare', '-DNDEBUG', '-g', '-O3', '-Wall', '-fPIC', '-D_WIN32_WINNT=1536', '-DGRPC_XDS_USER_AGENT_NAME_SUFFIX="Python"', '-DGRPC_XDS_USER_AGENT_VERSION_SUFFIX="1.63.2"', '-DHAVE_CONFIG_H=1', '-DGRPC_ENABLE_FORK_SUPPORT=1', '-DGRPC_DO_NOT_INSTANTIATE_POSIX_POLLER=1', '-D__STDC_FORMAT_MACROS', '-DPyMODINIT_FUNC=extern "C" __attribute__((visibility ("default"))) PyObject*', '-DGRPC_POSIX_FORK_ALLOW_PTHREAD_ATFORK=1', '-Isrc/python/grpcio', '-Iinclude', '-I.', '-Ithird_party/abseil-cpp', '-Ithird_party/address_sorting/include', '-Ithird_party/cares/cares/include', '-Ithird_party/cares', '-Ithird_party/cares/cares', '-Ithird_party/cares/config_linux', '-Ithird_party/re2', '-Ithird_party/boringssl-with-bazel/src/include', '-Ithird_party/upb', '-Isrc/core/ext/upb-gen', '-Isrc/core/ext/upbdefs-gen', '-Ithird_party/utf8_range', '-Ithird_party/xxhash', '-Ithird_party/zlib', '-I/opt/render/project/src/.venv/include', '-I/opt/render/project/python/Python-3.13.4/include/python3.13', '-c', 'src/python/grpcio/grpc/_cython/cygrpc.cpp', '-o', 'pyb/temp.linux-x86_64-cpython-313/src/python/grpcio/grpc/_cython/cygrpc.o', '-std=c++14', '-fvisibility=hidden', '-fno-wrapv', '-fno-exceptions', '-pthread']' returned non-zero exit status 1.
      
      The above exception was the direct cause of the following exception:
      
      Traceback (most recent call last):
        File "/tmp/pip-build-env-sc3gexz4/overlay/lib/python3.13/site-packages/setuptools/_distutils/compilers/C/unix.py", line 217, in _compile
          self.spawn(
          ~~~~~~~~~~^
              compiler_so_cxx + cc_args + [src, '-o', obj] + extra_postargs
              ^^^^^^^^^^^^^^^^^^^^^^^^^^^^^^^^^^^^^^^^^^^^^^^^^^^^^^^^^^^^^
          )
          ^
        File "/tmp/pip-install-t9mz38hc/grpcio_bf2ee5f63cfe4aaf9d1c499f8b254ae7/src/python/grpcio/_spawn_patch.py", line 58, in _commandfile_spawn
          _classic_spawn(self, command, **kwargs)
          ~~~~~~~~~~~~~~^^^^^^^^^^^^^^^^^^^^^^^^^
        File "/tmp/pip-build-env-sc3gexz4/overlay/lib/python3.13/site-packages/setuptools/_distutils/compilers/C/base.py", line 1158, in spawn
          spawn(cmd, dry_run=self.dry_run, **kwargs)
          ~~~~~^^^^^^^^^^^^^^^^^^^^^^^^^^^^^^^^^^^^^
        File "/tmp/pip-build-env-sc3gexz4/overlay/lib/python3.13/site-packages/setuptools/_distutils/spawn.py", line 93, in spawn
          raise DistutilsExecError(
              f"command {_debug(cmd)!r} failed with exit code {err.returncode}"
          ) from err
      distutils.errors.DistutilsExecError: command '/usr/bin/g++' failed with exit code 1
      
      During handling of the above exception, another exception occurred:
      
      Traceback (most recent call last):
        File "/tmp/pip-install-t9mz38hc/grpcio_bf2ee5f63cfe4aaf9d1c499f8b254ae7/src/python/grpcio/commands.py", line 313, in build_extensions
          build_ext.build_ext.build_extensions(self)
          ~~~~~~~~~~~~~~~~~~~~~~~~~~~~~~~~~~~~^^^^^^
        File "/tmp/pip-build-env-sc3gexz4/overlay/lib/python3.13/site-packages/setuptools/_distutils/command/build_ext.py", line 484, in build_extensions
          self._build_extensions_serial()
          ~~~~~~~~~~~~~~~~~~~~~~~~~~~~~^^
        File "/tmp/pip-build-env-sc3gexz4/overlay/lib/python3.13/site-packages/setuptools/_distutils/command/build_ext.py", line 510, in _build_extensions_serial
          self.build_extension(ext)
          ~~~~~~~~~~~~~~~~~~~~^^^^^
        File "/tmp/pip-build-env-sc3gexz4/overlay/lib/python3.13/site-packages/setuptools/command/build_ext.py", line 261, in build_extension
          _build_ext.build_extension(self, ext)
          ~~~~~~~~~~~~~~~~~~~~~~~~~~^^^^^^^^^^^
        File "/tmp/pip-build-env-sc3gexz4/overlay/lib/python3.13/site-packages/setuptools/_distutils/command/build_ext.py", line 565, in build_extension
          objects = self.compiler.compile(
              sources,
          ...<5 lines>...
              depends=ext.depends,
          )
        File "/tmp/pip-install-t9mz38hc/grpcio_bf2ee5f63cfe4aaf9d1c499f8b254ae7/src/python/grpcio/_parallel_compile_patch.py", line 70, in _parallel_compile
          multiprocessing.pool.ThreadPool(BUILD_EXT_COMPILER_JOBS).map(
          ~~~~~~~~~~~~~~~~~~~~~~~~~~~~~~~~~~~~~~~~~~~~~~~~~~~~~~~~~~~~^
              _compile_single_file, objects
              ^^^^^^^^^^^^^^^^^^^^^^^^^^^^^
          )
          ^
        File "/opt/render/project/python/Python-3.13.4/lib/python3.13/multiprocessing/pool.py", line 367, in map
          return self._map_async(func, iterable, mapstar, chunksize).get()
                 ~~~~~~~~~~~~~~~~~~~~~~~~~~~~~~~~~~~~~~~~~~~~~~~~~~~~~~~^^
        File "/opt/render/project/python/Python-3.13.4/lib/python3.13/multiprocessing/pool.py", line 774, in get
          raise self._value
        File "/opt/render/project/python/Python-3.13.4/lib/python3.13/multiprocessing/pool.py", line 125, in worker
          result = (True, func(*args, **kwds))
                          ~~~~^^^^^^^^^^^^^^^
        File "/opt/render/project/python/Python-3.13.4/lib/python3.13/multiprocessing/pool.py", line 48, in mapstar
          return list(map(*args))
        File "/tmp/pip-install-t9mz38hc/grpcio_bf2ee5f63cfe4aaf9d1c499f8b254ae7/src/python/grpcio/_parallel_compile_patch.py", line 65, in _compile_single_file
          self._compile(obj, src, ext, cc_args, extra_postargs, pp_opts)
          ~~~~~~~~~~~~~^^^^^^^^^^^^^^^^^^^^^^^^^^^^^^^^^^^^^^^^^^^^^^^^^
        File "/tmp/pip-build-env-sc3gexz4/overlay/lib/python3.13/site-packages/setuptools/_distutils/compilers/C/unix.py", line 223, in _compile
          raise CompileError(msg)
      distutils.compilers.C.errors.CompileError: command '/usr/bin/g++' failed with exit code 1
      
      During handling of the above exception, another exception occurred:
      
      Traceback (most recent call last):
        File "/opt/render/project/src/.venv/lib/python3.13/site-packages/pip/_vendor/pyproject_hooks/_in_process/_in_process.py", line 389, in <module>
          main()
          ~~~~^^
        File "/opt/render/project/src/.venv/lib/python3.13/site-packages/pip/_vendor/pyproject_hooks/_in_process/_in_process.py", line 373, in main
          json_out["return_val"] = hook(**hook_input["kwargs"])
                                   ~~~~^^^^^^^^^^^^^^^^^^^^^^^^
        File "/opt/render/project/src/.venv/lib/python3.13/site-packages/pip/_vendor/pyproject_hooks/_in_process/_in_process.py", line 280, in build_wheel
          return _build_backend().build_wheel(
                 ~~~~~~~~~~~~~~~~~~~~~~~~~~~~^
              wheel_directory, config_settings, metadata_directory
              ^^^^^^^^^^^^^^^^^^^^^^^^^^^^^^^^^^^^^^^^^^^^^^^^^^^^
          )
          ^
        File "/tmp/pip-build-env-sc3gexz4/overlay/lib/python3.13/site-packages/setuptools/build_meta.py", line 435, in build_wheel
          return _build(['bdist_wheel', '--dist-info-dir', str(metadata_directory)])
        File "/tmp/pip-build-env-sc3gexz4/overlay/lib/python3.13/site-packages/setuptools/build_meta.py", line 423, in _build
          return self._build_with_temp_dir(
                 ~~~~~~~~~~~~~~~~~~~~~~~~~^
              cmd,
              ^^^^
          ...<3 lines>...
              self._arbitrary_args(config_settings),
              ^^^^^^^^^^^^^^^^^^^^^^^^^^^^^^^^^^^^^^
          )
          ^
        File "/tmp/pip-build-env-sc3gexz4/overlay/lib/python3.13/site-packages/setuptools/build_meta.py", line 404, in _build_with_temp_dir
          self.run_setup()
          ~~~~~~~~~~~~~~^^
        File "/tmp/pip-build-env-sc3gexz4/overlay/lib/python3.13/site-packages/setuptools/build_meta.py", line 512, in run_setup
          super().run_setup(setup_script=setup_script)
          ~~~~~~~~~~~~~~~~~^^^^^^^^^^^^^^^^^^^^^^^^^^^
        File "/tmp/pip-build-env-sc3gexz4/overlay/lib/python3.13/site-packages/setuptools/build_meta.py", line 317, in run_setup
          exec(code, locals())
          ~~~~^^^^^^^^^^^^^^^^
        File "<string>", line 579, in <module>
        File "/tmp/pip-build-env-sc3gexz4/overlay/lib/python3.13/site-packages/setuptools/__init__.py", line 115, in setup
          return distutils.core.setup(**attrs)
                 ~~~~~~~~~~~~~~~~~~~~^^^^^^^^^
        File "/tmp/pip-build-env-sc3gexz4/overlay/lib/python3.13/site-packages/setuptools/_distutils/core.py", line 186, in setup
          return run_commands(dist)
        File "/tmp/pip-build-env-sc3gexz4/overlay/lib/python3.13/site-packages/setuptools/_distutils/core.py", line 202, in run_commands
          dist.run_commands()
          ~~~~~~~~~~~~~~~~~^^
        File "/tmp/pip-build-env-sc3gexz4/overlay/lib/python3.13/site-packages/setuptools/_distutils/dist.py", line 1002, in run_commands
          self.run_command(cmd)
          ~~~~~~~~~~~~~~~~^^^^^
        File "/tmp/pip-build-env-sc3gexz4/overlay/lib/python3.13/site-packages/setuptools/dist.py", line 1102, in run_command
          super().run_command(command)
          ~~~~~~~~~~~~~~~~~~~^^^^^^^^^
        File "/tmp/pip-build-env-sc3gexz4/overlay/lib/python3.13/site-packages/setuptools/_distutils/dist.py", line 1021, in run_command
          cmd_obj.run()
          ~~~~~~~~~~~^^
        File "/tmp/pip-build-env-sc3gexz4/overlay/lib/python3.13/site-packages/setuptools/command/bdist_wheel.py", line 370, in run
          self.run_command("build")
          ~~~~~~~~~~~~~~~~^^^^^^^^^
        File "/tmp/pip-build-env-sc3gexz4/overlay/lib/python3.13/site-packages/setuptools/_distutils/cmd.py", line 357, in run_command
          self.distribution.run_command(command)
          ~~~~~~~~~~~~~~~~~~~~~~~~~~~~~^^^^^^^^^
        File "/tmp/pip-build-env-sc3gexz4/overlay/lib/python3.13/site-packages/setuptools/dist.py", line 1102, in run_command
          super().run_command(command)
          ~~~~~~~~~~~~~~~~~~~^^^^^^^^^
        File "/tmp/pip-build-env-sc3gexz4/overlay/lib/python3.13/site-packages/setuptools/_distutils/dist.py", line 1021, in run_command
          cmd_obj.run()
          ~~~~~~~~~~~^^
        File "/tmp/pip-build-env-sc3gexz4/overlay/lib/python3.13/site-packages/setuptools/_distutils/command/build.py", line 135, in run
          self.run_command(cmd_name)
          ~~~~~~~~~~~~~~~~^^^^^^^^^^
        File "/tmp/pip-build-env-sc3gexz4/overlay/lib/python3.13/site-packages/setuptools/_distutils/cmd.py", line 357, in run_command
          self.distribution.run_command(command)
          ~~~~~~~~~~~~~~~~~~~~~~~~~~~~~^^^^^^^^^
        File "/tmp/pip-build-env-sc3gexz4/overlay/lib/python3.13/site-packages/setuptools/dist.py", line 1102, in run_command
          super().run_command(command)
          ~~~~~~~~~~~~~~~~~~~^^^^^^^^^
        File "/tmp/pip-build-env-sc3gexz4/overlay/lib/python3.13/site-packages/setuptools/_distutils/dist.py", line 1021, in run_command
          cmd_obj.run()
          ~~~~~~~~~~~^^
        File "/tmp/pip-build-env-sc3gexz4/overlay/lib/python3.13/site-packages/setuptools/command/build_ext.py", line 96, in run
          _build_ext.run(self)
          ~~~~~~~~~~~~~~^^^^^^
        File "/tmp/pip-build-env-sc3gexz4/overlay/lib/python3.13/site-packages/setuptools/_distutils/command/build_ext.py", line 368, in run
          self.build_extensions()
          ~~~~~~~~~~~~~~~~~~~~~^^
        File "/tmp/pip-install-t9mz38hc/grpcio_bf2ee5f63cfe4aaf9d1c499f8b254ae7/src/python/grpcio/commands.py", line 317, in build_extensions
          raise CommandError(
              "Failed `build_ext` step:\n{}".format(formatted_exception)
          )
      commands.CommandError: Failed `build_ext` step:
      Traceback (most recent call last):
        File "/tmp/pip-build-env-sc3gexz4/overlay/lib/python3.13/site-packages/setuptools/_distutils/spawn.py", line 87, in spawn
          subprocess.check_call(cmd, env=_inject_macos_ver(env))
          ~~~~~~~~~~~~~~~~~~~~~^^^^^^^^^^^^^^^^^^^^^^^^^^^^^^^^^
        File "/opt/render/project/python/Python-3.13.4/lib/python3.13/subprocess.py", line 419, in check_call
          raise CalledProcessError(retcode, cmd)
      subprocess.CalledProcessError: Command '['/usr/bin/g++', '-fno-strict-overflow', '-Wsign-compare', '-DNDEBUG', '-g', '-O3', '-Wall', '-fPIC', '-D_WIN32_WINNT=1536', '-DGRPC_XDS_USER_AGENT_NAME_SUFFIX="Python"', '-DGRPC_XDS_USER_AGENT_VERSION_SUFFIX="1.63.2"', '-DHAVE_CONFIG_H=1', '-DGRPC_ENABLE_FORK_SUPPORT=1', '-DGRPC_DO_NOT_INSTANTIATE_POSIX_POLLER=1', '-D__STDC_FORMAT_MACROS', '-DPyMODINIT_FUNC=extern "C" __attribute__((visibility ("default"))) PyObject*', '-DGRPC_POSIX_FORK_ALLOW_PTHREAD_ATFORK=1', '-Isrc/python/grpcio', '-Iinclude', '-I.', '-Ithird_party/abseil-cpp', '-Ithird_party/address_sorting/include', '-Ithird_party/cares/cares/include', '-Ithird_party/cares', '-Ithird_party/cares/cares', '-Ithird_party/cares/config_linux', '-Ithird_party/re2', '-Ithird_party/boringssl-with-bazel/src/include', '-Ithird_party/upb', '-Isrc/core/ext/upb-gen', '-Isrc/core/ext/upbdefs-gen', '-Ithird_party/utf8_range', '-Ithird_party/xxhash', '-Ithird_party/zlib', '-I/opt/render/project/src/.venv/include', '-I/opt/render/project/python/Python-3.13.4/include/python3.13', '-c', 'src/python/grpcio/grpc/_cython/cygrpc.cpp', '-o', 'pyb/temp.linux-x86_64-cpython-313/src/python/grpcio/grpc/_cython/cygrpc.o', '-std=c++14', '-fvisibility=hidden', '-fno-wrapv', '-fno-exceptions', '-pthread']' returned non-zero exit status 1.
      
      The above exception was the direct cause of the following exception:
      
      Traceback (most recent call last):
        File "/tmp/pip-build-env-sc3gexz4/overlay/lib/python3.13/site-packages/setuptools/_distutils/compilers/C/unix.py", line 217, in _compile
          self.spawn(
          ~~~~~~~~~~^
              compiler_so_cxx + cc_args + [src, '-o', obj] + extra_postargs
              ^^^^^^^^^^^^^^^^^^^^^^^^^^^^^^^^^^^^^^^^^^^^^^^^^^^^^^^^^^^^^
          )
          ^
        File "/tmp/pip-install-t9mz38hc/grpcio_bf2ee5f63cfe4aaf9d1c499f8b254ae7/src/python/grpcio/_spawn_patch.py", line 58, in _commandfile_spawn
          _classic_spawn(self, command, **kwargs)
          ~~~~~~~~~~~~~~^^^^^^^^^^^^^^^^^^^^^^^^^
        File "/tmp/pip-build-env-sc3gexz4/overlay/lib/python3.13/site-packages/setuptools/_distutils/compilers/C/base.py", line 1158, in spawn
          spawn(cmd, dry_run=self.dry_run, **kwargs)
          ~~~~~^^^^^^^^^^^^^^^^^^^^^^^^^^^^^^^^^^^^^
        File "/tmp/pip-build-env-sc3gexz4/overlay/lib/python3.13/site-packages/setuptools/_distutils/spawn.py", line 93, in spawn
          raise DistutilsExecError(
              f"command {_debug(cmd)!r} failed with exit code {err.returncode}"
          ) from err
      distutils.errors.DistutilsExecError: command '/usr/bin/g++' failed with exit code 1
      
      During handling of the above exception, another exception occurred:
      
      Traceback (most recent call last):
        File "/tmp/pip-install-t9mz38hc/grpcio_bf2ee5f63cfe4aaf9d1c499f8b254ae7/src/python/grpcio/commands.py", line 313, in build_extensions
          build_ext.build_ext.build_extensions(self)
          ~~~~~~~~~~~~~~~~~~~~~~~~~~~~~~~~~~~~^^^^^^
        File "/tmp/pip-build-env-sc3gexz4/overlay/lib/python3.13/site-packages/setuptools/_distutils/command/build_ext.py", line 484, in build_extensions
          self._build_extensions_serial()
          ~~~~~~~~~~~~~~~~~~~~~~~~~~~~~^^
        File "/tmp/pip-build-env-sc3gexz4/overlay/lib/python3.13/site-packages/setuptools/_distutils/command/build_ext.py", line 510, in _build_extensions_serial
          self.build_extension(ext)
          ~~~~~~~~~~~~~~~~~~~~^^^^^
        File "/tmp/pip-build-env-sc3gexz4/overlay/lib/python3.13/site-packages/setuptools/command/build_ext.py", line 261, in build_extension
          _build_ext.build_extension(self, ext)
          ~~~~~~~~~~~~~~~~~~~~~~~~~~^^^^^^^^^^^
        File "/tmp/pip-build-env-sc3gexz4/overlay/lib/python3.13/site-packages/setuptools/_distutils/command/build_ext.py", line 565, in build_extension
          objects = self.compiler.compile(
              sources,
          ...<5 lines>...
              depends=ext.depends,
          )
        File "/tmp/pip-install-t9mz38hc/grpcio_bf2ee5f63cfe4aaf9d1c499f8b254ae7/src/python/grpcio/_parallel_compile_patch.py", line 70, in _parallel_compile
          multiprocessing.pool.ThreadPool(BUILD_EXT_COMPILER_JOBS).map(
          ~~~~~~~~~~~~~~~~~~~~~~~~~~~~~~~~~~~~~~~~~~~~~~~~~~~~~~~~~~~~^
              _compile_single_file, objects
              ^^^^^^^^^^^^^^^^^^^^^^^^^^^^^
          )
          ^
        File "/opt/render/project/python/Python-3.13.4/lib/python3.13/multiprocessing/pool.py", line 367, in map
          return self._map_async(func, iterable, mapstar, chunksize).get()
                 ~~~~~~~~~~~~~~~~~~~~~~~~~~~~~~~~~~~~~~~~~~~~~~~~~~~~~~~^^
        File "/opt/render/project/python/Python-3.13.4/lib/python3.13/multiprocessing/pool.py", line 774, in get
          raise self._value
        File "/opt/render/project/python/Python-3.13.4/lib/python3.13/multiprocessing/pool.py", line 125, in worker
          result = (True, func(*args, **kwds))
                          ~~~~^^^^^^^^^^^^^^^
        File "/opt/render/project/python/Python-3.13.4/lib/python3.13/multiprocessing/pool.py", line 48, in mapstar
          return list(map(*args))
        File "/tmp/pip-install-t9mz38hc/grpcio_bf2ee5f63cfe4aaf9d1c499f8b254ae7/src/python/grpcio/_parallel_compile_patch.py", line 65, in _compile_single_file
          self._compile(obj, src, ext, cc_args, extra_postargs, pp_opts)
          ~~~~~~~~~~~~~^^^^^^^^^^^^^^^^^^^^^^^^^^^^^^^^^^^^^^^^^^^^^^^^^
        File "/tmp/pip-build-env-sc3gexz4/overlay/lib/python3.13/site-packages/setuptools/_distutils/compilers/C/unix.py", line 223, in _compile
          raise CompileError(msg)
      distutils.compilers.C.errors.CompileError: command '/usr/bin/g++' failed with exit code 1
      
      [end of output]
  
  note: This error originates from a subprocess, and is likely not a problem with pip.
  ERROR: Failed building wheel for grpcio
  Building wheel for grpcio-tools (pyproject.toml): started
  Building wheel for grpcio-tools (pyproject.toml): still running...
Deploy cancelled